// Jest Snapshot v1, https://goo.gl/fbAQLP

exports[`Controls component renders Controls 1`] = `
<DocumentFragment>
  <label
    for="text"
  />
  <input
    id="text"
    name="text"
    type="text"
    value="Test Display"
  />
  <label
    for="text"
  />
  <input
    id="text"
    name="text"
    type="text"
    value="Test Display"
  />
  <button>
    Send
  </button>
  <input
    name="radio"
    type="radio"
    value="get"
  />
  GET
  <input
    name="radio"
    type="radio"
    value="post"
  />
  POST
  <input
    name="radio"
    type="radio"
    value="put"
  />
  PUT
  <input
    name="radio"
    type="radio"
    value="delete"
  />
  DELETE
</DocumentFragment>
`;
